<html>
<body>
<pre>
<h1>µVision Build Log</h1>
<h2>Project:</h2>
\\Mac\Home\Documents\school\EE319K\Keil\EE319KwareSpring2018\EE319K-Lab2-ColbyJanecka\Lab2.uvproj
Project File Date:  02/05/2018

<h2>Output:</h2>
Build target 'Lab2'
compiling Lab2.c...
Lab2.c(66): warning:  #550-D: variable "val" was set but never used
        int i,val,status;
Lab2.c: 1 warning, 0 errors
linking...
Program Size: Code=2084 RO-data=32 RW-data=120 ZI-data=1120  
".\Lab2.axf" - 0 Error(s), 1 Warning(s).
